[template-versus.webflow.io/index.html]
[backblue.gif]
[fade.gif]
[index.html]
[daks2k3a4ib2z.cloudfront.net/560f27977849849d0e1fee5c/css/template-versus.webflow.4a4511927.css]
[ajax.googleapis.com/ajax/libs/webfont/1.4.7/webfont.js]
[daks2k3a4ib2z.cloudfront.net/0globals/modernizr-2.7.1.js]
[daks2k3a4ib2z.cloudfront.net/img/webclip.png]
[template-versus.webflow.io/about.html]
[template-versus.webflow.io/contact.html]
[template-versus.webflow.io/projects/music-player.html]
[daks2k3a4ib2z.cloudfront.net/56104995fd4f22cf7e335ea0/56148d518924f1f620d590e3_zip-code-800.jpg]
[template-versus.webflow.io/projects/console-app.html]
[daks2k3a4ib2z.cloudfront.net/56104995fd4f22cf7e335ea0/56147659a92a0f0d59878a02_thum.png]
[daks2k3a4ib2z.cloudfront.net/56104995fd4f22cf7e335ea0/56148b4b8924f1f620d590b6_cthulu_van_v2.jpg]
[template-versus.webflow.io/projects/sports-car-app.html]
[daks2k3a4ib2z.cloudfront.net/56104995fd4f22cf7e335ea0/56148b65a38c7c456668150c_fan.png]
[template-versus.webflow.io/projects/music-app.html]
[daks2k3a4ib2z.cloudfront.net/56104995fd4f22cf7e335ea0/56148b8e8924f1f620d590bd_human.jpg]
[template-versus.webflow.io/projects/photo-app-icon.html]
[daks2k3a4ib2z.cloudfront.net/56104995fd4f22cf7e335ea0/5614744aa92a0f0d598789c0_dribbble.png]
[daks2k3a4ib2z.cloudfront.net/56104995fd4f22cf7e335ea0/56148bc1a38c7c456668151a_sans_titre_-_17-01.png]
[template-versus.webflow.io/projects/photo-app.html]
[daks2k3a4ib2z.cloudfront.net/56104995fd4f22cf7e335ea0/56148bf08924f1f620d590c2_astrav1.jpg]
[daks2k3a4ib2z.cloudfront.net/56104995fd4f22cf7e335ea0/56148c2e404247a362fcde2a_neighborhood.jpg]
[ajax.googleapis.com/ajax/libs/jquery/2.2.0/jquery.min.js]
[template-versus.webflow.io/index.html]
[daks2k3a4ib2z.cloudfront.net/560f27977849849d0e1fee5c/js/webflow.57f4ffb2a.js]
[uploads.webflow.com/560f27977849849d0e1fee5c/5614b716f91f1b0b7cb92ed4_fe4a5cbf.jpg]
[uploads.webflow.com/560f27977849849d0e1fee5c/5614b769e3d14ab63aa7a827_photo-1441716844725-09cedc13a4e7.jpg]
[d3e54v103j8qbb.cloudfront.net/img/example-bg.png]
[daks2k3a4ib2z.cloudfront.net/560f27977849849d0e1fee5c/css/template-versus.webflow.4a4511927.css]
[uploads.webflow.com/560f27977849849d0e1fee5c/56146952978774c311f33aab_128-25.jpg]
[template-versus.webflow.io/about.html]
[template-versus.webflow.io/contact.html]
[daks2k3a4ib2z.cloudfront.net/56104995fd4f22cf7e335ea0/5614b861e5c769ea031871b2_just-laptop.png]
[daks2k3a4ib2z.cloudfront.net/56104995fd4f22cf7e335ea0/5614b8b0b90f3cb23a0b1afa_flat-white.png]
[template-versus.webflow.io/projects/music-player.html]
[daks2k3a4ib2z.cloudfront.net/56104995fd4f22cf7e335ea0/5614b8c9c5fa43eb03fcc1ad_All-devices.png]
[template-versus.webflow.io/projects/console-app.html]
[template-versus.webflow.io/projects/sports-car-app.html]
[template-versus.webflow.io/projects/music-app.html]
[template-versus.webflow.io/projects/photo-app-icon.html]
[template-versus.webflow.io/projects/photo-app.html]
[template-versus.webflow.io/projects/infographic.html]
[template-versus.webflow.io/projects/news-feed.html]
[template-versus.webflow.io/projects/flat-design.html]
[template-versus.webflow.io/categories/app.html]
[template-versus.webflow.io/categories/mobile-design.html]
[template-versus.webflow.io/categories/icon.html]
